// Jest Snapshot v1, https://goo.gl/fbAQLP

exports[`src/components/Header/Navigation/Navigation.tsx should match snapshot 1`] = `
<DocumentFragment>
  <nav
    class="navigation"
  >
    <a
      class="navigation__link "
      href="/movie"
    >
      Movies
    </a>
    <a
      class="navigation__link "
      href="/tv"
    >
      TV Shows
    </a>
  </nav>
</DocumentFragment>
`;
